TAP version 13
# Subtest: absorbSlivers: 1.4s sliver between avatar and graphic -> graphic absorbs with padStart
ok 1 - absorbSlivers: 1.4s sliver between avatar and graphic -> graphic absorbs with padStart
  ---
  duration_ms: 0.806333
  ...
# Subtest: absorbSlivers: 0.4s sliver at t=0 before avatar -> avatar absorbs with padStart
ok 2 - absorbSlivers: 0.4s sliver at t=0 before avatar -> avatar absorbs with padStart
  ---
  duration_ms: 0.197833
  ...
# Subtest: absorbSlivers: 2s sliver between two avatars -> NOT absorbed (over avatarMax)
ok 3 - absorbSlivers: 2s sliver between two avatars -> NOT absorbed (over avatarMax)
  ---
  duration_ms: 0.112125
  ...
# Subtest: absorbSlivers: 6s screen segment untouched
ok 4 - absorbSlivers: 6s screen segment untouched
  ---
  duration_ms: 0.05675
  ...
# Subtest: absorbSlivers: output remains contiguous 0->total
ok 5 - absorbSlivers: output remains contiguous 0->total
  ---
  duration_ms: 0.076917
  ...
# Subtest: driftVF: short segment -> empty string
ok 6 - driftVF: short segment -> empty string
  ---
  duration_ms: 0.102625
  ...
# Subtest: driftVF: even ordinal pushes in over min(dur, period) then holds
ok 7 - driftVF: even ordinal pushes in over min(dur, period) then holds
  ---
  duration_ms: 0.08325
  ...
# Subtest: driftVF: odd ordinal releases; long segment ramps over period only
ok 8 - driftVF: odd ordinal releases; long segment ramps over period only
  ---
  duration_ms: 0.044458
  ...
# Subtest: planSegments: contiguity and edge placement
ok 9 - planSegments: contiguity and edge placement
  ---
  duration_ms: 0.661417
  ...
# Subtest: planSegments: replacement at t=0
ok 10 - planSegments: replacement at t=0
  ---
  duration_ms: 0.316917
  ...
# Subtest: planSegments: replacement ending at total
ok 11 - planSegments: replacement ending at total
  ---
  duration_ms: 0.109709
  ...
# Subtest: planSegments: overlapping replacements throw
ok 12 - planSegments: overlapping replacements throw
  ---
  duration_ms: 0.190541
  ...
# Subtest: planSegments: sub-EPS underlap clamped
ok 13 - planSegments: sub-EPS underlap clamped
  ---
  duration_ms: 0.054083
  ...
# Subtest: planSegments: empty avatar list and ignored corner jobs
ok 14 - planSegments: empty avatar list and ignored corner jobs
  ---
  duration_ms: 0.055125
  ...
# Subtest: assemblyMd: format
ok 15 - assemblyMd: format
  ---
  duration_ms: 0.233208
  ...
# Subtest: assemblyMd: transitions table
ok 16 - assemblyMd: transitions table
  ---
  duration_ms: 0.069
  ...
# Subtest: planSegmentOverlays: pure mapping
ok 17 - planSegmentOverlays: pure mapping
  ---
  duration_ms: 0.18325
  ...
# Subtest: planTransitions: avatar>screen direction
ok 18 - planTransitions: avatar>screen direction
  ---
  duration_ms: 0.10725
  ...
# Subtest: planTransitions: graphic boundaries produce flash on in, nothing on out
ok 19 - planTransitions: graphic boundaries produce flash on in, nothing on out
  ---
  duration_ms: 0.047125
  ...
# Subtest: planTransitions: short neighbor skipped
ok 20 - planTransitions: short neighbor skipped
  ---
  duration_ms: 0.040084
  ...
# Subtest: planTransitions: overlay straddle skipped
ok 21 - planTransitions: overlay straddle skipped
  ---
  duration_ms: 0.057792
  ...
# Subtest: planTransitions: edge skip at t=0 and t=total
ok 22 - planTransitions: edge skip at t=0 and t=total
  ---
  duration_ms: 0.043542
  ...
# Subtest: encoderArgs
ok 23 - encoderArgs
  ---
  duration_ms: 110.626917
  ...
# Subtest: planAvatarBeats: 60s span snapped to seeded gaps
ok 24 - planAvatarBeats: 60s span snapped to seeded gaps
  ---
  duration_ms: 0.2585
  ...
# Subtest: planAvatarBeats: beat moved to nearest gap, not raw target
ok 25 - planAvatarBeats: beat moved to nearest gap, not raw target
  ---
  duration_ms: 0.142625
  ...
# Subtest: planAvatarBeats: no gap within +-3s -> beat dropped
ok 26 - planAvatarBeats: no gap within +-3s -> beat dropped
  ---
  duration_ms: 0.06425
  ...
# Subtest: planAvatarBeats: short span (<45s) -> []
ok 27 - planAvatarBeats: short span (<45s) -> []
  ---
  duration_ms: 0.043458
  ...
# Subtest: planAvatarBeats: beats respect the 8s edges
ok 28 - planAvatarBeats: beats respect the 8s edges
  ---
  duration_ms: 0.036125
  ...
# Subtest: planAvatarBeats: cue within window wins over closer gap
ok 29 - planAvatarBeats: cue within window wins over closer gap
  ---
  duration_ms: 0.058666
  ...
# Subtest: planAvatarBeats: no in-window cue -> gap fallback unchanged
ok 30 - planAvatarBeats: no in-window cue -> gap fallback unchanged
  ---
  duration_ms: 0.046375
  ...
# Subtest: planAvatarBeats: cue outside [lo, hi] is ignored
ok 31 - planAvatarBeats: cue outside [lo, hi] is ignored
  ---
  duration_ms: 0.151541
  ...
# Subtest: splitAvatarSegments: alternating punch and passes others
ok 32 - splitAvatarSegments: alternating punch and passes others
  ---
  duration_ms: 0.147666
  ...
# segments: 0 cached, 10 encoded (jobs=3)
# assembled: /Users/kbtg/kb-scratch/worktrees/personal-stuff-0fbb2c25/1/personal-stuff/pipelines/video/visuals-flow/lib/.test-tmp/assemble-it/final.mp4 (01:08.0)
# Subtest: Integration: ffmpeg runAssembly
ok 33 - Integration: ffmpeg runAssembly
  ---
  duration_ms: 25587.063125
  ...
# segments: 0 cached, 8 encoded (jobs=3)
# assembled: /Users/kbtg/kb-scratch/worktrees/personal-stuff-0fbb2c25/1/personal-stuff/pipelines/video/visuals-flow/lib/.test-tmp/assemble-it/final-draft.mp4 (01:08.0)
# Subtest: Integration: ffmpeg draft runAssembly
ok 34 - Integration: ffmpeg draft runAssembly
  ---
  duration_ms: 2775.655959
  ...
# segments: 0 cached, 6 encoded (jobs=3)
# assembled: /Users/kbtg/kb-scratch/worktrees/personal-stuff-0fbb2c25/1/personal-stuff/pipelines/video/visuals-flow/lib/.test-tmp/assemble-it/final-none.mp4 (01:08.0)
# Subtest: Integration: ffmpeg runAssembly none transitions
ok 35 - Integration: ffmpeg runAssembly none transitions
  ---
  duration_ms: 8780.812583
  ...
# segments: 0 cached, 3 encoded (jobs=3)
# assembled: /Users/kbtg/kb-scratch/worktrees/personal-stuff-0fbb2c25/1/personal-stuff/pipelines/video/visuals-flow/lib/.test-tmp/assemble-it/final-cap-off.mp4 (00:10.0)
# Subtest: Integration: ffmpeg runAssembly captions off
ok 36 - Integration: ffmpeg runAssembly captions off
  ---
  duration_ms: 1227.1465
  ...
# segments: 0 cached, 1 encoded (jobs=3)
# assembled: /Users/kbtg/kb-scratch/worktrees/personal-stuff-0fbb2c25/1/personal-stuff/pipelines/video/visuals-flow/lib/.test-tmp/assemble-it/final-drift-on.mp4 (00:06.0)
# segments: 0 cached, 1 encoded (jobs=3)
# assembled: /Users/kbtg/kb-scratch/worktrees/personal-stuff-0fbb2c25/1/personal-stuff/pipelines/video/visuals-flow/lib/.test-tmp/assemble-it/final-drift-off.mp4 (00:06.0)
# Subtest: Integration: drift on vs off
ok 37 - Integration: drift on vs off
  ---
  duration_ms: 3171.106792
  ...
# Subtest: assemble: effects.json approved=false exits unless --force is passed
ok 38 - assemble: effects.json approved=false exits unless --force is passed
  ---
  duration_ms: 588.432209
  ...
# Subtest: planCornerChunks
ok 39 - planCornerChunks
  ---
  duration_ms: 1.06925
  ...
# Subtest: avatarManifestMd
ok 40 - avatarManifestMd
  ---
  duration_ms: 0.195125
  ...
# Subtest: CLI tests
ok 41 - CLI tests
  ---
  duration_ms: 5089.513083
  ...
# Subtest: planJobs spansOnly → no corner jobs
ok 42 - planJobs spansOnly → no corner jobs
  ---
  duration_ms: 0.222125
  ...
# Subtest: retry run flushes skipped jobs after the last submit (s03-retry incident)
ok 43 - retry run flushes skipped jobs after the last submit (s03-retry incident)
  ---
  duration_ms: 1399.23225
  ...
# <anonymous_script>:16
# \\nexports.fxContext = fxContext; exports.fxEventsAt = fxEventsAt; exports.fxDriftActive = fxDriftActive;
# ^
# SyntaxError: Invalid or unexpected token
#     at new Function (<anonymous>)
#     at file:///Users/kbtg/kb-scratch/worktrees/personal-stuff-0fbb2c25/1/personal-stuff/pipelines/video/visuals-flow/lib/board.mjs:323:1
#     at ModuleJob.run (node:internal/modules/esm/module_job:271:25)
#     at async onImport.tracePromise.__proto__ (node:internal/modules/esm/loader:578:26)
#     at async asyncRunEntryPointWithESMLoader (node:internal/modules/run_main:116:5)
# Node.js v22.14.0
# Subtest: lib/board.test.mjs
not ok 3 - lib/board.test.mjs
  ---
  duration_ms: 99.35175
  location: '/Users/kbtg/kb-scratch/worktrees/personal-stuff-0fbb2c25/1/personal-stuff/pipelines/video/visuals-flow/lib/board.test.mjs:1:1'
  failureType: 'testCodeFailure'
  exitCode: 1
  signal: ~
  error: 'test failed'
  code: 'ERR_TEST_FAILURE'
  ...
# Subtest: plan emits one bubble instance
ok 45 - plan emits one bubble instance
  ---
  duration_ms: 1.089917
  ...
# Subtest: bubbleGeometry integer values at 1080p and 720p
ok 46 - bubbleGeometry integer values at 1080p and 720p
  ---
  duration_ms: 1.3825
  ...
# Subtest: contribute returns null for non-screen segments
ok 47 - contribute returns null for non-screen segments
  ---
  duration_ms: 0.307125
  ...
# Subtest: contribute returns null when cornerJobs empty or filesless
ok 48 - contribute returns null when cornerJobs empty or filesless
  ---
  duration_ms: 0.149708
  ...
# Subtest: contribute slice arithmetic across a chunk boundary
ok 49 - contribute slice arithmetic across a chunk boundary
  ---
  duration_ms: 0.829708
  ...
# Subtest: contribute assigns phase constants per segment
ok 50 - contribute assigns phase constants per segment
  ---
  duration_ms: 0.243459
  ...
# Subtest: contribute honours startTrim in slice + local timing
ok 51 - contribute honours startTrim in slice + local timing
  ---
  duration_ms: 0.09625
  ...
# Subtest: pixel proof: masked circle + ring composited at top-right
ok 52 - pixel proof: masked circle + ring composited at top-right
  ---
  duration_ms: 846.990708
  ...
# Subtest: pixel proof: arc position changes with phase
ok 53 - pixel proof: arc position changes with phase
  ---
  duration_ms: 819.1545
  ...
# Subtest: markKeyword rules
ok 54 - markKeyword rules
  ---
  duration_ms: 0.50675
  ...
# Subtest: planCaptions empty
ok 55 - planCaptions empty
  ---
  duration_ms: 0.48225
  ...
# Subtest: planCaptions chunking by word cap
ok 56 - planCaptions chunking by word cap
  ---
  duration_ms: 0.204333
  ...
# Subtest: planCaptions chunking by char cap
ok 57 - planCaptions chunking by char cap
  ---
  duration_ms: 0.136333
  ...
# Subtest: planCaptions chunking by gap split
ok 58 - planCaptions chunking by gap split
  ---
  duration_ms: 0.068834
  ...
# Subtest: planCaptions CAP_TAIL vs next-chunk clamp
ok 59 - planCaptions CAP_TAIL vs next-chunk clamp
  ---
  duration_ms: 0.066833
  ...
# Subtest: assEscape
ok 60 - assEscape
  ---
  duration_ms: 0.107958
  ...
# Subtest: ASS highlight pixel proof
ok 61 - ASS highlight pixel proof
  ---
  duration_ms: 5037.539584
  ...
# Subtest: editDelta: identical files yield zero totals
ok 62 - editDelta: identical files yield zero totals
  ---
  duration_ms: 0.475208
  ...
# Subtest: editDelta: detects changes correctly
ok 63 - editDelta: detects changes correctly
  ---
  duration_ms: 0.308875
  ...
# Subtest: feedback-status: all folded/applied -> exit 0
ok 64 - feedback-status: all folded/applied -> exit 0
  ---
  duration_ms: 3.270125
  ...
# Subtest: feedback-status: pending item -> exit 1 and logs item
ok 65 - feedback-status: pending item -> exit 1 and logs item
  ---
  duration_ms: 3.574125
  ...
# Subtest: feedback-status: missing cues.llm.json -> stderr warning, exit unaffected
ok 66 - feedback-status: missing cues.llm.json -> stderr warning, exit unaffected
  ---
  duration_ms: 1.282208
  ...
# Subtest: two overlapping spans → E1
ok 67 - two overlapping spans → E1
  ---
  duration_ms: 0.716875
  ...
# Subtest: span overlapping a fullframe cue → E2; same span vs an overlay cue → no E2
ok 68 - span overlapping a fullframe cue → E2; same span vs an overlay cue → no E2
  ---
  duration_ms: 0.118041
  ...
# Subtest: 8s span → E3; 200s span → W1
ok 69 - 8s span → E3; 200s span → W1
  ---
  duration_ms: 0.241167
  ...
# Subtest: spans totalling 350s → E4
ok 70 - spans totalling 350s → E4
  ---
  duration_ms: 0.074917
  ...
# Subtest: single mid-video span → W3 twice; spans at edges → no W3
ok 71 - single mid-video span → W3 twice; spans at edges → no W3
  ---
  duration_ms: 0.212958
  ...
# Subtest: 400s gap between spans → W4; 250s gap → no W4
ok 72 - 400s gap between spans → W4; 250s gap → no W4
  ---
  duration_ms: 0.760709
  ...
# Subtest: empty spans array → no errors, no warnings
ok 73 - empty spans array → no errors, no warnings
  ---
  duration_ms: 0.195209
  ...
# Subtest: screen segment between avatars < 2.5s -> E5
ok 74 - screen segment between avatars < 2.5s -> E5
  ---
  duration_ms: 0.118209
  ...
# Subtest: screen segment < 5s -> W5
ok 75 - screen segment < 5s -> W5
  ---
  duration_ms: 0.338917
  ...
# Subtest: clean plan silent -> no E5/W5
ok 76 - clean plan silent -> no E5/W5
  ---
  duration_ms: 0.423833
  ...
# Subtest: E1 stat-hit-cap
ok 77 - E1 stat-hit-cap
  ---
  duration_ms: 0.974125
  ...
# Subtest: E2 stat-hit-spacing
ok 78 - E2 stat-hit-spacing
  ---
  duration_ms: 0.324375
  ...
# Subtest: E3 card-repetition
ok 79 - E3 card-repetition
  ---
  duration_ms: 0.11675
  ...
# Subtest: E4 exclusion-zones
ok 80 - E4 exclusion-zones
  ---
  duration_ms: 0.123084
  ...
# Subtest: W3 total-count scaling
ok 81 - W3 total-count scaling
  ---
  duration_ms: 0.142625
  ...
# Subtest: W1 fullframe-cadence gap
ok 82 - W1 fullframe-cadence gap
  ---
  duration_ms: 0.057375
  ...
# Subtest: W2 overlay-density
ok 83 - W2 overlay-density
  ---
  duration_ms: 0.132334
  ...
# Subtest: W4 reveal-wordcount
ok 84 - W4 reveal-wordcount
  ---
  duration_ms: 0.120542
  ...
# Subtest: flagged cues are ignored
ok 85 - flagged cues are ignored
  ---
  duration_ms: 0.271667
  ...
# Subtest: E3 exemption: structural fullframe cards repeat freely (one per compared item)
ok 86 - E3 exemption: structural fullframe cards repeat freely (one per compared item)
  ---
  duration_ms: 0.334458
  ...
# Subtest: E4 short-video guard
ok 87 - E4 short-video guard
  ---
  duration_ms: 0.159792
  ...
# Subtest: enrichLogos handles variables and missing
ok 88 - enrichLogos handles variables and missing
  ---
  duration_ms: 9.896625
  ...
# Subtest: validateCues handles logo slugs
ok 89 - validateCues handles logo slugs
  ---
  duration_ms: 3.758083
  ...
# Subtest: parseSceneLog parses ffmpeg metadata
ok 90 - parseSceneLog parses ffmpeg metadata
  ---
  duration_ms: 1.357709
  ...
# Subtest: parseLumaCsv and lumaSpikes detect flashes
ok 91 - parseLumaCsv and lumaSpikes detect flashes
  ---
  duration_ms: 0.724958
  ...
# Subtest: clusterMoments merges and ranks moments
ok 92 - clusterMoments merges and ranks moments
  ---
  duration_ms: 1.044833
  ...
# Subtest: rewriteDuration: uniform data-duration values all get replaced
ok 93 - rewriteDuration: uniform data-duration values all get replaced
  ---
  duration_ms: 0.494125
  ...
# Subtest: rewriteDuration: mixed data-duration values error, html unchanged
ok 94 - rewriteDuration: mixed data-duration values error, html unchanged
  ---
  duration_ms: 0.145
  ...
# Subtest: mmss formats minutes:seconds.decisecond
ok 95 - mmss formats minutes:seconds.decisecond
  ---
  duration_ms: 0.069875
  ...
# Subtest: manifestMd sorts cues by start and formats columns
ok 96 - manifestMd sorts cues by start and formats columns
  ---
  duration_ms: 0.23325
  ...
# Subtest: planRender: overlay placement renders mov, fullframe renders mp4
ok 97 - planRender: overlay placement renders mov, fullframe renders mp4
  ---
  duration_ms: 0.1455
  ...
# Subtest: manifestMd applies timeline offset to place-at column only
ok 98 - manifestMd applies timeline offset to place-at column only
  ---
  duration_ms: 0.075291
  ...
# Subtest: manifestCues returns only cues whose outFile exists
ok 99 - manifestCues returns only cues whose outFile exists
  ---
  duration_ms: 3.003333
  ...
# Subtest: CLI: approval gate exits 1 and mentions approved
ok 100 - CLI: approval gate exits 1 and mentions approved
  ---
  duration_ms: 121.37625
  ...
# Subtest: CLI: staleness gate exits 1 and mentions stale
ok 101 - CLI: staleness gate exits 1 and mentions stale
  ---
  duration_ms: 99.856583
  ...
# Subtest: happy path: span {id:"s01", kind:"avatar-full", from_anchor:"w10 w11 w12", to_anchor:"w20 w21 w22"}, engineMode "test" → one resolved span
ok 102 - happy path: span {id:"s01", kind:"avatar-full", from_anchor:"w10 w11 w12", to_anchor:"w20 w21 w22"}, engineMode "test" → one resolved span
  ---
  duration_ms: 1.0265
  ...
# Subtest: to_anchor before from_anchor in the transcript → error mentioning to_anchor
ok 103 - to_anchor before from_anchor in the transcript → error mentioning to_anchor
  ---
  duration_ms: 0.115416
  ...
# Subtest: unknown kind → error; flagged: true span → skipped, no error
ok 104 - unknown kind → error; flagged: true span → skipped, no error
  ---
  duration_ms: 0.174625
  ...
# Subtest: engineMode: "production" → error containing not implemented; engineMode: "nope" → error containing invalid
ok 105 - engineMode: "production" → error containing not implemented; engineMode: "nope" → error containing invalid
  ---
  duration_ms: 0.085084
  ...
# Subtest: duplicate span ids → error
ok 106 - duplicate span ids → error
  ---
  duration_ms: 0.15275
  ...
# Subtest: anchor with < 3 words → error (via findPhrase)
ok 107 - anchor with < 3 words → error (via findPhrase)
  ---
  duration_ms: 0.065541
  ...
# Subtest: snap at both edges
ok 108 - snap at both edges
  ---
  duration_ms: 1.137
  ...
# Subtest: snap at 1.4s, no snap at 1.6s, sets snapped flag
ok 109 - snap at 1.4s, no snap at 1.6s, sets snapped flag
  ---
  duration_ms: 0.312
  ...
# Subtest: happy path: cue + 2 beats resolves start/at/duration
ok 110 - happy path: cue + 2 beats resolves start/at/duration
  ---
  duration_ms: 1.082375
  ...
# Subtest: anchor not in transcript produces an error and drops the cue
ok 111 - anchor not in transcript produces an error and drops the cue
  ---
  duration_ms: 0.149209
  ...
# Subtest: monotonicity: beat phrase only before the cue anchor is not found (forward search only)
ok 112 - monotonicity: beat phrase only before the cue anchor is not found (forward search only)
  ---
  duration_ms: 0.130958
  ...
# Subtest: repeated phrase: second cue matches the second occurrence, forward of the first
ok 113 - repeated phrase: second cue matches the second occurrence, forward of the first
  ---
  duration_ms: 0.327167
  ...
# Subtest: anchor with fewer than 3 words is an error
ok 114 - anchor with fewer than 3 words is an error
  ---
  duration_ms: 0.09375
  ...
# Subtest: flagged cue is skipped silently, no error
ok 115 - flagged cue is skipped silently, no error
  ---
  duration_ms: 0.120083
  ...
# Subtest: overlapping fullframe cues error; overlay overlapping fullframe does not
ok 116 - overlapping fullframe cues error; overlay overlapping fullframe does not
  ---
  duration_ms: 0.854417
  ...
# Subtest: sandwich overlap: overlay between fullframes tracks the last fullframe
ok 117 - sandwich overlap: overlay between fullframes tracks the last fullframe
  ---
  duration_ms: 0.291375
  ...
# Subtest: beat anchor inside cue anchor phrase fails; immediately after resolves
ok 118 - beat anchor inside cue anchor phrase fails; immediately after resolves
  ---
  duration_ms: 0.27425
  ...
# Subtest: consecutive cues sharing boundary words resolve correctly
ok 119 - consecutive cues sharing boundary words resolve correctly
  ---
  duration_ms: 0.205292
  ...
# Subtest: beat-less single cue uses catalog default_duration
ok 120 - beat-less single cue uses catalog default_duration
  ---
  duration_ms: 0.049417
  ...
# Subtest: normWord strips punctuation and lowercases (transcript "Pros," matches anchor "pros")
ok 121 - normWord strips punctuation and lowercases (transcript "Pros," matches anchor "pros")
  ---
  duration_ms: 0.036125
  ...
# Subtest: CLI: resolves a fixture workdir to resolved.json and exits 0
ok 122 - CLI: resolves a fixture workdir to resolved.json and exits 0
  ---
  duration_ms: 58.268834
  ...
# Subtest: CLI: bad anchor exits 1 and writes no resolved.json
ok 123 - CLI: bad anchor exits 1 and writes no resolved.json
  ---
  duration_ms: 51.021292
  ...
# Subtest: validateCues: catches the test-01 bug classes
ok 124 - validateCues: catches the test-01 bug classes
  ---
  duration_ms: 0.43225
  ...
# Subtest: transcriptText unit test
ok 125 - transcriptText unit test
  ---
  duration_ms: 0.696583
  ...
# Subtest: CLI smoke test
ok 126 - CLI smoke test
  ---
  duration_ms: 60.182875
  ...
# Subtest: plan() emits style:blur for avatar>screen and style:flash for *>graphic, nothing for graphic>* or screen>avatar
ok 127 - plan() emits style:blur for avatar>screen and style:flash for *>graphic, nothing for graphic>* or screen>avatar
  ---
  duration_ms: 0.416667
  ...
# Subtest: plan() skips boundaries with an overlapping overlay and <1s segments
ok 128 - plan() skips boundaries with an overlapping overlay and <1s segments
  ---
  duration_ms: 0.126666
  ...
# Subtest: boundarySegments() flash chain shape
ok 129 - boundarySegments() flash chain shape
  ---
  duration_ms: 0.227416
  ...
1..129
# tests 129
# suites 0
# pass 128
# fail 1
# cancelled 0
# skipped 0
# todo 0
# duration_ms 42935.127959
